\BOOKMARK [0][-]{titulo.0}{\376\377\000P\000\341\000g\000i\000n\000a\000\040\000d\000e\000\040\000T\000\355\000t\000u\000l\000o}{}% 1
\BOOKMARK [0][-]{indices.0}{\376\377\000\315\000n\000d\000i\000c\000e\000s}{}% 2
\BOOKMARK [1][-]{tabla de contenidos.1}{\376\377\000T\000a\000b\000l\000a\000\040\000d\000e\000\040\000C\000o\000n\000t\000e\000n\000i\000d\000o\000s}{indices.0}% 3
\BOOKMARK [1][-]{indice de figuras.1}{\376\377\000\315\000n\000d\000i\000c\000e\000\040\000d\000e\000\040\000f\000i\000g\000u\000r\000a\000s}{indices.0}% 4
\BOOKMARK [1][-]{indice de tablas.1}{\376\377\000\315\000n\000d\000i\000c\000e\000\040\000d\000e\000\040\000t\000a\000b\000l\000a\000s}{indices.0}% 5
\BOOKMARK [0][-]{chapter.7}{\376\377\000I\000n\000t\000r\000o\000d\000u\000c\000c\000i\000\363\000n}{}% 6
\BOOKMARK [1][-]{section.14}{\376\377\000M\000o\000t\000i\000v\000a\000c\000i\000\363\000n}{chapter.7}% 7
\BOOKMARK [1][-]{section.15}{\376\377\000O\000b\000j\000e\000t\000i\000v\000o\000s}{chapter.7}% 8
\BOOKMARK [1][-]{section.16}{\376\377\000P\000l\000a\000n\000\040\000d\000e\000\040\000t\000r\000a\000b\000a\000j\000o}{chapter.7}% 9
\BOOKMARK [1][-]{section.17}{\376\377\000E\000x\000p\000l\000i\000c\000a\000c\000i\000o\000n\000e\000s\000\040\000a\000d\000i\000c\000i\000o\000n\000a\000l\000e\000s\000\040\000s\000o\000b\000r\000e\000\040\000e\000l\000\040\000u\000s\000o\000\040\000d\000e\000\040\000e\000s\000t\000a\000\040\000p\000l\000a\000n\000t\000i\000l\000l\000a}{chapter.7}% 10
\BOOKMARK [2][-]{subsection.19}{\376\377\000T\000e\000x\000t\000o\000\040\000d\000e\000\040\000p\000r\000u\000e\000b\000a}{section.17}% 11
\BOOKMARK [0][-]{chapter.20}{\376\377\000E\000s\000t\000a\000d\000o\000\040\000d\000e\000\040\000l\000a\000\040\000C\000u\000e\000s\000t\000i\000\363\000n}{}% 12
\BOOKMARK [0][-]{chapter.21}{\376\377\000D\000e\000s\000c\000r\000i\000p\000c\000i\000\363\000n\000\040\000d\000e\000l\000\040\000T\000r\000a\000b\000a\000j\000o}{}% 13
\BOOKMARK [1][-]{section.24}{\376\377\000M\000o\000d\000e\000l\000o}{chapter.21}% 14
\BOOKMARK [2][-]{subsection.25}{\376\377\000A\000r\000q\000u\000i\000t\000e\000c\000t\000u\000r\000a\000\040\000b\000a\000s\000a\000d\000a\000\040\000e\000n\000\040\000t\000r\000a\000n\000s\000f\000o\000r\000m\000e\000r}{section.24}% 15
\BOOKMARK [2][-]{subsection.31}{\376\377\000I\000m\000p\000l\000e\000m\000e\000n\000t\000a\000c\000i\000\363\000n}{section.24}% 16
\BOOKMARK [0][-]{chapter.32}{\376\377\000E\000x\000p\000e\000r\000i\000m\000e\000n\000t\000o\000\040\000p\000i\000l\000o\000t\000o\000\040\000d\000e\000\040\000a\000d\000q\000u\000i\000s\000i\000c\000i\000\363\000n\000\040\000d\000e\000\040\000g\000r\000a\000b\000a\000c\000i\000o\000n\000e\000s\000\040\000c\000o\000n\000\040\000t\000r\000i\000a\000l\000s}{}% 17
\BOOKMARK [0][-]{chapter.33}{\376\377\000E\000x\000p\000e\000r\000i\000m\000e\000n\000t\000o\000\040\000d\000e\000\040\000a\000d\000q\000u\000i\000s\000i\000c\000i\000\363\000n\000\040\000d\000e\000\040\000g\000r\000a\000b\000a\000c\000i\000o\000n\000e\000s\000\040\000c\000o\000n\000\040\000t\000r\000i\000a\000l\000s}{}% 18
\BOOKMARK [1][-]{section.34}{\376\377\000P\000a\000r\000t\000i\000c\000i\000p\000a\000n\000t\000e\000s}{chapter.33}% 19
\BOOKMARK [1][-]{section.35}{\376\377\000E\000q\000u\000i\000p\000a\000m\000i\000e\000n\000t\000o\000\040\000y\000\040\000C\000o\000n\000f\000i\000g\000u\000r\000a\000c\000i\000\363\000n\000\040\000E\000E\000G}{chapter.33}% 20
\BOOKMARK [2][-]{subsection.36}{\376\377\000D\000i\000s\000p\000o\000s\000i\000t\000i\000v\000o\000\040\000E\000E\000G}{section.35}% 21
\BOOKMARK [2][-]{subsection.39}{\376\377\000S\000o\000f\000t\000w\000a\000r\000e\000\040\000d\000e\000\040\000a\000d\000q\000u\000i\000s\000i\000c\000i\000\363\000n}{section.35}% 22
\BOOKMARK [1][-]{section.40}{\376\377\000E\000n\000t\000o\000r\000n\000o\000\040\000e\000x\000p\000e\000r\000i\000m\000e\000n\000t\000a\000l}{chapter.33}% 23
\BOOKMARK [1][-]{section.41}{\376\377\000P\000a\000r\000a\000d\000i\000g\000m\000a\000\040\000E\000x\000p\000e\000r\000i\000m\000e\000n\000t\000a\000l}{chapter.33}% 24
\BOOKMARK [2][-]{subsection.42}{\376\377\000D\000i\000s\000e\000\361\000o\000\040\000G\000e\000n\000e\000r\000a\000l}{section.41}% 25
\BOOKMARK [2][-]{subsection.43}{\376\377\000E\000s\000t\000r\000u\000c\000t\000u\000r\000a\000\040\000d\000e\000\040\000c\000a\000d\000a\000\040\000g\000r\000a\000b\000a\000c\000i\000\363\000n}{section.41}% 26
\BOOKMARK [2][-]{subsection.45}{\376\377\000I\000n\000s\000t\000r\000u\000c\000c\000i\000o\000n\000e\000s\000\040\000a\000l\000\040\000p\000a\000r\000t\000i\000c\000i\000p\000a\000n\000t\000e}{section.41}% 27
\BOOKMARK [1][-]{section.46}{\376\377\000F\000o\000r\000m\000a\000t\000o\000\040\000d\000e\000\040\000l\000o\000s\000\040\000d\000a\000t\000o\000s}{chapter.33}% 28
\BOOKMARK [0][-]{chapter.47}{\376\377\000E\000x\000p\000e\000r\000i\000m\000e\000n\000t\000o\000\040\000e\000n\000\040\000t\000i\000e\000m\000p\000o\000\040\000r\000e\000a\000l\000\040\000c\000o\000n\000\040\000j\000u\000e\000g\000o\000s}{}% 29
\BOOKMARK [0][-]{chapter.48}{\376\377\000C\000o\000n\000c\000l\000u\000s\000i\000o\000n\000e\000s\000\040\000y\000\040\000T\000r\000a\000b\000a\000j\000o\000\040\000F\000u\000t\000u\000r\000o}{}% 30
\BOOKMARK [0][-]{chapter*.49}{\376\377\000I\000n\000t\000r\000o\000d\000u\000c\000t\000i\000o\000n}{}% 31
\BOOKMARK [0][-]{chapter*.50}{\376\377\000C\000o\000n\000c\000l\000u\000s\000i\000o\000n\000s\000\040\000a\000n\000d\000\040\000F\000u\000t\000u\000r\000e\000\040\000W\000o\000r\000k}{}% 32
\BOOKMARK [0][-]{chapter*.51}{\376\377\000C\000o\000n\000t\000r\000i\000b\000u\000c\000i\000o\000n\000e\000s\000\040\000P\000e\000r\000s\000o\000n\000a\000l\000e\000s}{}% 33
\BOOKMARK [0][-]{chapter*.52}{\376\377\000B\000i\000b\000l\000i\000o\000g\000r\000a\000f\000\355\000a}{}% 34
\BOOKMARK [0][-]{appendix.53}{\376\377\000T\000\355\000t\000u\000l\000o\000\040\000d\000e\000l\000\040\000A\000p\000\351\000n\000d\000i\000c\000e\000\040\000A}{}% 35
\BOOKMARK [0][-]{appendix.54}{\376\377\000T\000\355\000t\000u\000l\000o\000\040\000d\000e\000l\000\040\000A\000p\000\351\000n\000d\000i\000c\000e\000\040\000B}{}% 36
\BOOKMARK [0][-]{fin.0}{\376\377\000F\000i\000n}{}% 37
